D:\HagenTa\HagenDa\venv\lib\site-packages\mlagents\torch_utils\torch.py:4: UserWarning: pkg_resources is deprecated as an API. See https://setuptools.pypa.io/en/latest/pkg_resources.html. The pkg_resources package is slated for removal as early as 2025-11-30. Refrain from using this package or pin to Setuptools<81.
  import pkg_resources
D:\HagenTa\HagenDa\venv\lib\site-packages\torch\__init__.py:1264: UserWarning: torch.set_default_tensor_type() is deprecated as of PyTorch 2.1, please use torch.set_default_dtype() and torch.set_default_device() as alternatives. (Triggered internally at C:\actions-runner\_work\pytorch\pytorch\pytorch\torch\csrc\tensor\python_tensor.cpp:436.)
  _C._set_default_tensor_type(t)
D:\HagenTa\HagenDa\venv\lib\site-packages\mlagents\torch_utils\torch.py:4: UserWarning: pkg_resources is deprecated as an API. See https://setuptools.pypa.io/en/latest/pkg_resources.html. The pkg_resources package is slated for removal as early as 2025-11-30. Refrain from using this package or pin to Setuptools<81.
  import pkg_resources
D:\HagenTa\HagenDa\venv\lib\site-packages\torch\__init__.py:1264: UserWarning: torch.set_default_tensor_type() is deprecated as of PyTorch 2.1, please use torch.set_default_dtype() and torch.set_default_device() as alternatives. (Triggered internally at C:\actions-runner\_work\pytorch\pytorch\pytorch\torch\csrc\tensor\python_tensor.cpp:436.)
  _C._set_default_tensor_type(t)
[INFO] Listening on port 5004. Start training by pressing the Play button in the Unity Editor.
[INFO] Connected to Unity environment with package version 2.3.0-exp.3 and communication version 1.5.0
[INFO] Connected new brain: HagenDaSquad?team=0

            ┐  ╖
        ╓╖╬│╡  ││╬╖╖
    ╓╖╬│││││┘  ╬│││││╬╖
 ╖╬│││││╬╜        ╙╬│││││╖╖                               ╗╗╗
 ╬╬╬╬╖││╦╖        ╖╬││╗╣╣╣╬      ╟╣╣╬    ╟╣╣╣             ╜╜╜  ╟╣╣
 ╬╬╬╬╬╬╬╬╖│╬╖╖╓╬╪│╓╣╣╣╣╣╣╣╬      ╟╣╣╬    ╟╣╣╣ ╒╣╣╖╗╣╣╣╗   ╣╣╣ ╣╣╣╣╣╣ ╟╣╣╖   ╣╣╣
 ╬╬╬╬┐  ╙╬╬╬╬│╓╣╣╣╝╜  ╫╣╣╣╬      ╟╣╣╬    ╟╣╣╣ ╟╣╣╣╙ ╙╣╣╣  ╣╣╣ ╙╟╣╣╜╙  ╫╣╣  ╟╣╣
 ╬╬╬╬┐     ╙╬╬╣╣      ╫╣╣╣╬      ╟╣╣╬    ╟╣╣╣ ╟╣╣╬   ╣╣╣  ╣╣╣  ╟╣╣     ╣╣╣┌╣╣╜
 ╬╬╬╜       ╬╬╣╣      ╙╝╣╣╬      ╙╣╣╣╗╖╓╗╣╣╣╜ ╟╣╣╬   ╣╣╣  ╣╣╣  ╟╣╣╦╓    ╣╣╣╣╣
 ╙   ╓╦╖    ╬╬╣╣   ╓╗╗╖            ╙╝╣╣╣╣╝╜   ╘╝╝╜   ╝╝╝  ╝╝╝   ╙╣╣╣    ╟╣╣╣
   ╩╬╬╬╬╬╬╦╦╬╬╣╣╗╣╣╣╣╣╣╣╝                                             ╫╣╣╣╣
      ╙╬╬╬╬╬╬╬╣╣╣╣╣╣╝╜
          ╙╬╬╬╣╣╣╜
             ╙
        
 Version information:
  ml-agents: 0.30.0,
  ml-agents-envs: 0.30.0,
  Communicator API: 1.5.0,
  PyTorch: 2.8.0+cu126
[INFO] Hyperparameters for behavior name HagenDaSquad: 
	trainer_type:	ppo
	hyperparameters:	
	  batch_size:	1536
	  buffer_size:	15360
	  learning_rate:	0.0003
	  beta:	0.001
	  epsilon:	0.2
	  lambd:	0.95
	  num_epoch:	3
	  shared_critic:	False
	  learning_rate_schedule:	linear
	  beta_schedule:	linear
	  epsilon_schedule:	linear
	network_settings:	
	  normalize:	True
	  hidden_units:	512
	  num_layers:	3
	  vis_encode_type:	simple
	  memory:	
	    sequence_length:	64
	    memory_size:	128
	  goal_conditioning_type:	hyper
	  deterministic:	False
	reward_signals:	
	  extrinsic:	
	    gamma:	0.99
	    strength:	1.0
	    network_settings:	
	      normalize:	False
	      hidden_units:	128
	      num_layers:	2
	      vis_encode_type:	simple
	      memory:	None
	      goal_conditioning_type:	hyper
	      deterministic:	False
	init_path:	None
	keep_checkpoints:	10
	checkpoint_interval:	50000
	max_steps:	100000
	time_horizon:	64
	summary_freq:	5000
	threaded:	True
	self_play:	None
	behavioral_cloning:	None
[INFO] HagenDaSquad. Step: 5000. Time Elapsed: 31.133 s. No episode was completed since last summary. Training.
[INFO] HagenDaSquad. Step: 10000. Time Elapsed: 44.100 s. No episode was completed since last summary. Training.
[INFO] HagenDaSquad. Step: 15000. Time Elapsed: 56.202 s. No episode was completed since last summary. Training.
[INFO] HagenDaSquad. Step: 20000. Time Elapsed: 69.142 s. No episode was completed since last summary. Training.
[INFO] HagenDaSquad. Step: 25000. Time Elapsed: 69.733 s. No episode was completed since last summary. Training.
[INFO] HagenDaSquad. Step: 30000. Time Elapsed: 79.130 s. Mean Reward: -0.347. Std of Reward: 0.058. Training.
[INFO] HagenDaSquad. Step: 35000. Time Elapsed: 92.703 s. Mean Reward: -0.369. Std of Reward: 0.026. Training.
[INFO] HagenDaSquad. Step: 40000. Time Elapsed: 104.626 s. No episode was completed since last summary. Training.
[INFO] HagenDaSquad. Step: 45000. Time Elapsed: 116.933 s. No episode was completed since last summary. Training.
[INFO] HagenDaSquad. Step: 50000. Time Elapsed: 128.835 s. No episode was completed since last summary. Training.
D:\HagenTa\HagenDa\venv\lib\site-packages\torch\onnx\symbolic_opset9.py:4244: UserWarning: Exporting a model to ONNX with a batch_size other than 1, with a variable length with LSTM can cause an error when running the ONNX model with a different batch size. Make sure to save the model with a batch size of 1, or define the initial states (h0/c0) as inputs of the model. 
  warnings.warn(
[INFO] Exported results\s1-debug\HagenDaSquad\HagenDaSquad-49992.onnx
[INFO] HagenDaSquad. Step: 55000. Time Elapsed: 129.716 s. No episode was completed since last summary. Training.
[INFO] HagenDaSquad. Step: 60000. Time Elapsed: 138.183 s. Mean Reward: -0.378. Std of Reward: 0.025. Training.
[INFO] HagenDaSquad. Step: 65000. Time Elapsed: 151.008 s. Mean Reward: -0.382. Std of Reward: 0.011. Training.
[INFO] HagenDaSquad. Step: 70000. Time Elapsed: 162.876 s. No episode was completed since last summary. Training.
[INFO] HagenDaSquad. Step: 75000. Time Elapsed: 174.757 s. No episode was completed since last summary. Training.
[INFO] HagenDaSquad. Step: 80000. Time Elapsed: 186.498 s. No episode was completed since last summary. Training.
[INFO] HagenDaSquad. Step: 85000. Time Elapsed: 187.045 s. No episode was completed since last summary. Training.
[INFO] HagenDaSquad. Step: 90000. Time Elapsed: 195.564 s. Mean Reward: -0.357. Std of Reward: 0.059. Training.
[INFO] HagenDaSquad. Step: 95000. Time Elapsed: 208.279 s. Mean Reward: -0.362. Std of Reward: 0.041. Training.
[INFO] HagenDaSquad. Step: 100000. Time Elapsed: 220.105 s. No episode was completed since last summary. Training.
[INFO] Exported results\s1-debug\HagenDaSquad\HagenDaSquad-99944.onnx
[INFO] Exported results\s1-debug\HagenDaSquad\HagenDaSquad-102120.onnx
[INFO] Copied results\s1-debug\HagenDaSquad\HagenDaSquad-102120.onnx to results\s1-debug\HagenDaSquad.onnx.
